// Jest Snapshot v1, https://goo.gl/fbAQLP

exports[`Non ideal state 1`] = `
<nav
  aria-label="breadcrumbs"
  className="breadcrumb"
>
  <ul>
    <li
      className=""
    >
      <a
        href="/"
      >
        <span
          className="icon"
        >
          <i
            className="fas fa-icon"
          />
        </span>
        <span>
          Home
        </span>
      </a>
    </li>
    <li
      className="is-active"
    >
      <a
        href="/me"
      >
        User
      </a>
    </li>
  </ul>
</nav>
`;
