// Jest Snapshot v1, https://goo.gl/fbAQLP

exports[`Date and Time format 1`] = `"1/2/2020"`;

exports[`Date and Time format 2`] = `"12:00:00 AM"`;

exports[`Date and Time format 3`] = `"1/2/2020 12:00:00 AM"`;

exports[`Date and Time format 4`] = `"Date: 1/2/2020, Time: 12:00:00 AM"`;
