// Jest Snapshot v1, https://goo.gl/fbAQLP

exports[`Dropdown 1`] = `
<div
  className="dropdown is-hoverable is-up"
  onClick={[Function]}
>
  <div
    className="dropdown-trigger"
    onClick={[Function]}
  >
    <button
      aria-controls="dropdown-menu"
      aria-haspopup="true"
      className="button"
      type="button"
    >
      <span>
        Button
      </span>
      <span
        className="icon"
      >
        <i
          aria-hidden="true"
          className="fas fa-angle-down"
        />
      </span>
    </button>
  </div>
  <div
    className="dropdown-menu"
    role="menu"
  >
    <div
      className="dropdown-content"
    >
      <a
        className="dropdown-item is-active"
        href="#"
      >
        Element 1
      </a>
      <hr
        className="dropdown-divider"
      />
      <span
        className="dropdown-item"
      >
        A short description
      </span>
    </div>
  </div>
</div>
`;
