// Jest Snapshot v1, https://goo.gl/fbAQLP

exports[`Div 1`] = `
<div
  className="has-text-centered is-size-6"
>
  Text
</div>
`;
