// Jest Snapshot v1, https://goo.gl/fbAQLP

exports[`Menu 1`] = `
<aside
  className="menu"
>
  <p
    className="menu-label"
  >
    Label1
  </p>
  <ul
    className="menu-list"
  >
    <li>
      <a
        className=""
        data-id={1}
        onClick={[Function]}
      >
        Node1
      </a>
    </li>
    <li>
      <a
        className=""
        data-id={2}
        onClick={[Function]}
      >
        Node2
      </a>
    </li>
  </ul>
  <p
    className="menu-label"
  >
    Label2
  </p>
  <ul
    className="menu-list"
  >
    <li>
      <a
        className=""
        data-id={4}
        onClick={[Function]}
      >
        Node3
      </a>
    </li>
    <li>
      <a
        className=""
        data-id={5}
        onClick={[Function]}
      >
        Node4
      </a>
    </li>
    <li>
      <a
        className=""
        data-id={8}
        onClick={[Function]}
      >
        Node5
      </a>
      <ul
        className="menu-list"
      >
        <li>
          <a
            className=""
            data-id={6}
            onClick={[Function]}
          >
            Subnode1
          </a>
        </li>
        <li>
          <a
            className=""
            data-id={7}
            onClick={[Function]}
          >
            Subnode2
          </a>
        </li>
      </ul>
    </li>
  </ul>
</aside>
`;
