// Jest Snapshot v1, https://goo.gl/fbAQLP

exports[`Icon 1`] = `
<span
  className="icon is-medium"
>
  <i
    className="fas fa-home fa-lg"
    data-fa-transform="flip-v"
  />
</span>
`;
