// Jest Snapshot v1, https://goo.gl/fbAQLP

exports[`Button 1`] = `
<button
  className="button is-small is-loading"
  type="button"
/>
`;
