// Jest Snapshot v1, https://goo.gl/fbAQLP

exports[`Breadcrumbs 1`] = `
<nav
  aria-label="breadcrumbs"
  className="breadcrumb has-dot-separator"
>
  <ul />
</nav>
`;

exports[`Breadcrumbs 2`] = `
<nav
  aria-label="breadcrumbs"
  className="breadcrumb is-centered"
>
  <ul>
    <li
      className=""
    >
      <span
        className="icon"
      >
        <i
          className="fas"
        />
      </span>
      <span>
        <a
          href="/"
        >
          Home
        </a>
      </span>
    </li>
    <li
      className=""
    >
      <a
        href="/path"
      >
        Path
      </a>
    </li>
  </ul>
</nav>
`;
