// Jest Snapshot v1, https://goo.gl/fbAQLP

exports[`TableFactory 1`] = `
<table
  className="table"
>
  <thead>
    <tr
      className=""
    >
      <th
        className=""
      />
      <th
        className=""
      />
    </tr>
  </thead>
  <tfoot>
    <tr
      className=""
    >
      <th
        className=""
      />
      <th
        className=""
      >
        total
      </th>
    </tr>
  </tfoot>
  <tbody>
    <tr
      className=""
    >
      <td
        className=""
      >
        76
      </td>
      <td
        className=""
      >
        <span>
          Hello, 
          Text 1
           (
          1
          )
        </span>
      </td>
    </tr>
    <tr
      className=""
    >
      <td
        className=""
      >
        98
      </td>
      <td
        className=""
      >
        <span>
          Hello, 
          Text 2
           (
          2
          )
        </span>
      </td>
    </tr>
  </tbody>
</table>
`;
