// Jest Snapshot v1, https://goo.gl/fbAQLP

exports[`Main Test 1`] = `
Object {
  "name": "TestPlugin",
  "setup": [Function],
}
`;
